Component: ARM Compiler 5.06 update 5 (build 528) Tool: armlink [4d35e2]

==============================================================================

Section Cross References

    main.o(i.ISR_PORTB) refers to main.o(i.move_right) for move_right
    main.o(i.ISR_PORTB) refers to main.o(i.move_left) for move_left
    main.o(i.ISR_PORTB) refers to main.o(i.shoot) for shoot
    main.o(i.LCD_Blank) refers to main.o(i.LCD_Refresh) for LCD_Refresh
    main.o(i.LCD_Blank) refers to main.o(.bss) for LCDmat
    main.o(i.LCD_Cmd_Out) refers to main.o(i.LCD_Char_Out) for LCD_Char_Out
    main.o(i.LCD_Contrast) refers to main.o(i.LCD_Cmd_Out) for LCD_Cmd_Out
    main.o(i.LCD_Dat_Out) refers to main.o(i.LCD_Char_Out) for LCD_Char_Out
    main.o(i.LCD_Init) refers to main.o(i.DelayMs) for DelayMs
    main.o(i.LCD_Init) refers to main.o(i.LCD_Cmd_Out) for LCD_Cmd_Out
    main.o(i.LCD_Init) refers to main.o(i.LCD_Contrast) for LCD_Contrast
    main.o(i.LCD_Pixel) refers to main.o(.bss) for LCDmat
    main.o(i.LCD_Refresh) refers to main.o(i.LCD_Cmd_Out) for LCD_Cmd_Out
    main.o(i.LCD_Refresh) refers to main.o(i.LCD_Dat_Out) for LCD_Dat_Out
    main.o(i.LCD_Refresh) refers to main.o(.bss) for LCDmat
    main.o(i.game_refresh) refers to main.o(i.gameover) for gameover
    main.o(i.game_refresh) refers to main.o(.bss) for display
    main.o(i.game_refresh) refers to main.o(.data) for player
    main.o(i.gameover) refers to main.o(.data) for running
    main.o(i.main) refers to main.o(i.dpad_setup) for dpad_setup
    main.o(i.main) refers to main.o(i.lcd_setup) for lcd_setup
    main.o(i.main) refers to main.o(i.uart_setup) for uart_setup
    main.o(i.main) refers to main.o(i.LCD_Blank) for LCD_Blank
    main.o(i.main) refers to main.o(i.LCD_Init) for LCD_Init
    main.o(i.main) refers to main.o(i.LCD_Dat_Out) for LCD_Dat_Out
    main.o(i.main) refers to main.o(i.DelayMs) for DelayMs
    main.o(i.main) refers to main.o(i.start_game) for start_game
    main.o(i.main) refers to main.o(i.spawn_enemy) for spawn_enemy
    main.o(i.main) refers to main.o(i.move_enemies) for move_enemies
    main.o(i.main) refers to main.o(i.spawn_bullets) for spawn_bullets
    main.o(i.main) refers to main.o(i.update_bullets) for update_bullets
    main.o(i.main) refers to main.o(i.game_refresh) for game_refresh
    main.o(i.main) refers to main.o(i.print_board) for print_board
    main.o(i.main) refers to main.o(i.write_char) for write_char
    main.o(i.main) refers to main.o(i.newl) for newl
    main.o(i.main) refers to main.o(.data) for running
    main.o(i.move_enemies) refers to main.o(.bss) for enmlst
    main.o(i.move_left) refers to main.o(.data) for player
    main.o(i.move_right) refers to main.o(.data) for player
    main.o(i.newl) refers to main.o(i.write_char) for write_char
    main.o(i.print_board) refers to main.o(i.write_char) for write_char
    main.o(i.print_board) refers to main.o(i.newl) for newl
    main.o(i.print_board) refers to main.o(.data) for lives
    main.o(i.print_board) refers to main.o(.bss) for display
    main.o(i.shoot) refers to main.o(.bss) for bltlst
    main.o(i.shoot) refers to main.o(.data) for player
    main.o(i.spawn_bullets) refers to main.o(.bss) for enmlst
    main.o(i.spawn_enemy) refers to main.o(.bss) for enmlst
    main.o(i.start_game) refers to main.o(.data) for score
    main.o(i.start_game) refers to main.o(.bss) for enmlst
    main.o(i.update_bullets) refers to main.o(.bss) for bltlst
    startup.o(STACK) refers (Special) to heapauxi.o(.text) for __use_two_region_memory
    startup.o(HEAP) refers (Special) to heapauxi.o(.text) for __use_two_region_memory
    startup.o(RESET) refers (Special) to heapauxi.o(.text) for __use_two_region_memory
    startup.o(RESET) refers to startup.o(STACK) for __initial_sp
    startup.o(RESET) refers to startup.o(.text) for Reset_Handler
    startup.o(RESET) refers to main.o(i.ISR_PORTB) for ISR_PORTB
    startup.o(.text) refers (Special) to heapauxi.o(.text) for __use_two_region_memory
    startup.o(.text) refers to __main.o(!!!main) for __main
    startup.o(.text) refers to startup.o(HEAP) for Heap_Mem
    startup.o(.text) refers to startup.o(STACK) for Stack_Mem
    __main.o(!!!main) refers to __rtentry.o(.ARM.Collect$$rtentry$$00000000) for __rt_entry
    __rtentry.o(.ARM.Collect$$rtentry$$00000000) refers (Special) to __rtentry2.o(.ARM.Collect$$rtentry$$0000000A) for __rt_entry_li
    __rtentry.o(.ARM.Collect$$rtentry$$00000000) refers (Special) to __rtentry2.o(.ARM.Collect$$rtentry$$0000000D) for __rt_entry_main
    __rtentry.o(.ARM.Collect$$rtentry$$00000000) refers (Special) to __rtentry2.o(.ARM.Collect$$rtentry$$0000000C) for __rt_entry_postli_1
    __rtentry.o(.ARM.Collect$$rtentry$$00000000) refers (Special) to __rtentry2.o(.ARM.Collect$$rtentry$$00000009) for __rt_entry_postsh_1
    __rtentry.o(.ARM.Collect$$rtentry$$00000000) refers (Special) to __rtentry2.o(.ARM.Collect$$rtentry$$00000002) for __rt_entry_presh_1
    __rtentry.o(.ARM.Collect$$rtentry$$00000000) refers (Special) to __rtentry4.o(.ARM.Collect$$rtentry$$00000004) for __rt_entry_sh
    __rtentry2.o(.ARM.Collect$$rtentry$$00000008) refers to boardinit2.o(.text) for _platform_post_stackheap_init
    __rtentry2.o(.ARM.Collect$$rtentry$$0000000A) refers to libinit.o(.ARM.Collect$$libinit$$00000000) for __rt_lib_init
    __rtentry2.o(.ARM.Collect$$rtentry$$0000000B) refers to boardinit3.o(.text) for _platform_post_lib_init
    __rtentry2.o(.ARM.Collect$$rtentry$$0000000D) refers to main.o(i.main) for main
    __rtentry2.o(.ARM.Collect$$rtentry$$0000000D) refers to exit.o(.text) for exit
    __rtentry2.o(.ARM.exidx) refers to __rtentry2.o(.ARM.Collect$$rtentry$$00000001) for .ARM.Collect$$rtentry$$00000001
    __rtentry2.o(.ARM.exidx) refers to __rtentry2.o(.ARM.Collect$$rtentry$$00000008) for .ARM.Collect$$rtentry$$00000008
    __rtentry2.o(.ARM.exidx) refers to __rtentry2.o(.ARM.Collect$$rtentry$$0000000A) for .ARM.Collect$$rtentry$$0000000A
    __rtentry2.o(.ARM.exidx) refers to __rtentry2.o(.ARM.Collect$$rtentry$$0000000B) for .ARM.Collect$$rtentry$$0000000B
    __rtentry2.o(.ARM.exidx) refers to __rtentry2.o(.ARM.Collect$$rtentry$$0000000D) for .ARM.Collect$$rtentry$$0000000D
    __rtentry4.o(.ARM.Collect$$rtentry$$00000004) refers to sys_stackheap_outer.o(.text) for __user_setup_stackheap
    __rtentry4.o(.ARM.exidx) refers to __rtentry4.o(.ARM.Collect$$rtentry$$00000004) for .ARM.Collect$$rtentry$$00000004
    sys_stackheap_outer.o(.text) refers to libspace.o(.text) for __user_perproc_libspace
    sys_stackheap_outer.o(.text) refers to startup.o(.text) for __user_initial_stackheap
    exit.o(.text) refers to rtexit.o(.ARM.Collect$$rtexit$$00000000) for __rt_exit
    libinit.o(.ARM.Collect$$libinit$$00000000) refers (Special) to libinit2.o(.ARM.Collect$$libinit$$0000002E) for __rt_lib_init_alloca_1
    libinit.o(.ARM.Collect$$libinit$$00000000) refers (Special) to libinit2.o(.ARM.Collect$$libinit$$0000002C) for __rt_lib_init_argv_1
    libinit.o(.ARM.Collect$$libinit$$00000000) refers (Special) to libinit2.o(.ARM.Collect$$libinit$$0000001B) for __rt_lib_init_atexit_1
    libinit.o(.ARM.Collect$$libinit$$00000000) refers (Special) to libinit2.o(.ARM.Collect$$libinit$$00000021) for __rt_lib_init_clock_1
    libinit.o(.ARM.Collect$$libinit$$00000000) refers (Special) to libinit2.o(.ARM.Collect$$libinit$$00000032) for __rt_lib_init_cpp_1
    libinit.o(.ARM.Collect$$libinit$$00000000) refers (Special) to libinit2.o(.ARM.Collect$$libinit$$00000030) for __rt_lib_init_exceptions_1
    libinit.o(.ARM.Collect$$libinit$$00000000) refers (Special) to libinit2.o(.ARM.Collect$$libinit$$00000001) for __rt_lib_init_fp_1
    libinit.o(.ARM.Collect$$libinit$$00000000) refers (Special) to libinit2.o(.ARM.Collect$$libinit$$0000001F) for __rt_lib_init_fp_trap_1
    libinit.o(.ARM.Collect$$libinit$$00000000) refers (Special) to libinit2.o(.ARM.Collect$$libinit$$00000023) for __rt_lib_init_getenv_1
    libinit.o(.ARM.Collect$$libinit$$00000000) refers (Special) to libinit2.o(.ARM.Collect$$libinit$$0000000A) for __rt_lib_init_heap_1
    libinit.o(.ARM.Collect$$libinit$$00000000) refers (Special) to libinit2.o(.ARM.Collect$$libinit$$00000011) for __rt_lib_init_lc_collate_1
    libinit.o(.ARM.Collect$$libinit$$00000000) refers (Special) to libinit2.o(.ARM.Collect$$libinit$$00000013) for __rt_lib_init_lc_ctype_1
    libinit.o(.ARM.Collect$$libinit$$00000000) refers (Special) to libinit2.o(.ARM.Collect$$libinit$$00000015) for __rt_lib_init_lc_monetary_1
    libinit.o(.ARM.Collect$$libinit$$00000000) refers (Special) to libinit2.o(.ARM.Collect$$libinit$$00000017) for __rt_lib_init_lc_numeric_1
    libinit.o(.ARM.Collect$$libinit$$00000000) refers (Special) to libinit2.o(.ARM.Collect$$libinit$$00000019) for __rt_lib_init_lc_time_1
    libinit.o(.ARM.Collect$$libinit$$00000000) refers (Special) to libinit2.o(.ARM.Collect$$libinit$$00000004) for __rt_lib_init_preinit_1
    libinit.o(.ARM.Collect$$libinit$$00000000) refers (Special) to libinit2.o(.ARM.Collect$$libinit$$0000000E) for __rt_lib_init_rand_1
    libinit.o(.ARM.Collect$$libinit$$00000000) refers (Special) to libinit2.o(.ARM.Collect$$libinit$$00000033) for __rt_lib_init_return
    libinit.o(.ARM.Collect$$libinit$$00000000) refers (Special) to libinit2.o(.ARM.Collect$$libinit$$0000001D) for __rt_lib_init_signal_1
    libinit.o(.ARM.Collect$$libinit$$00000000) refers (Special) to libinit2.o(.ARM.Collect$$libinit$$00000025) for __rt_lib_init_stdio_1
    libinit.o(.ARM.Collect$$libinit$$00000000) refers (Special) to libinit2.o(.ARM.Collect$$libinit$$0000000C) for __rt_lib_init_user_alloc_1
    libspace.o(.text) refers to libspace.o(.bss) for __libspace_start
    rtexit.o(.ARM.Collect$$rtexit$$00000000) refers (Special) to rtexit2.o(.ARM.Collect$$rtexit$$00000004) for __rt_exit_exit
    rtexit.o(.ARM.Collect$$rtexit$$00000000) refers (Special) to rtexit2.o(.ARM.Collect$$rtexit$$00000003) for __rt_exit_ls
    rtexit.o(.ARM.Collect$$rtexit$$00000000) refers (Special) to rtexit2.o(.ARM.Collect$$rtexit$$00000002) for __rt_exit_prels_1
    rtexit.o(.ARM.exidx) refers (Special) to rtexit2.o(.ARM.Collect$$rtexit$$00000004) for __rt_exit_exit
    rtexit.o(.ARM.exidx) refers (Special) to rtexit2.o(.ARM.Collect$$rtexit$$00000003) for __rt_exit_ls
    rtexit.o(.ARM.exidx) refers (Special) to rtexit2.o(.ARM.Collect$$rtexit$$00000002) for __rt_exit_prels_1
    rtexit.o(.ARM.exidx) refers to rtexit.o(.ARM.Collect$$rtexit$$00000000) for .ARM.Collect$$rtexit$$00000000
    libinit2.o(.ARM.Collect$$libinit$$00000001) refers to fpinit.o(x$fpl$fpinit) for _fp_init
    libinit2.o(.ARM.Collect$$libinit$$00000010) refers to libinit2.o(.ARM.Collect$$libinit$$0000000F) for .ARM.Collect$$libinit$$0000000F
    libinit2.o(.ARM.Collect$$libinit$$00000012) refers to libinit2.o(.ARM.Collect$$libinit$$0000000F) for .ARM.Collect$$libinit$$0000000F
    libinit2.o(.ARM.Collect$$libinit$$00000014) refers to libinit2.o(.ARM.Collect$$libinit$$0000000F) for .ARM.Collect$$libinit$$0000000F
    libinit2.o(.ARM.Collect$$libinit$$00000016) refers to libinit2.o(.ARM.Collect$$libinit$$0000000F) for .ARM.Collect$$libinit$$0000000F
    libinit2.o(.ARM.Collect$$libinit$$00000018) refers to libinit2.o(.ARM.Collect$$libinit$$0000000F) for .ARM.Collect$$libinit$$0000000F
    libinit2.o(.ARM.Collect$$libinit$$00000026) refers to argv_veneer.o(.emb_text) for __ARM_argv_veneer
    libinit2.o(.ARM.Collect$$libinit$$00000027) refers to argv_veneer.o(.emb_text) for __ARM_argv_veneer
    rtexit2.o(.ARM.Collect$$rtexit$$00000003) refers to libshutdown.o(.ARM.Collect$$libshutdown$$00000000) for __rt_lib_shutdown
    rtexit2.o(.ARM.Collect$$rtexit$$00000004) refers to sys_exit.o(.text) for _sys_exit
    rtexit2.o(.ARM.exidx) refers to rtexit2.o(.ARM.Collect$$rtexit$$00000001) for .ARM.Collect$$rtexit$$00000001
    rtexit2.o(.ARM.exidx) refers to rtexit2.o(.ARM.Collect$$rtexit$$00000003) for .ARM.Collect$$rtexit$$00000003
    rtexit2.o(.ARM.exidx) refers to rtexit2.o(.ARM.Collect$$rtexit$$00000004) for .ARM.Collect$$rtexit$$00000004
    argv_veneer.o(.emb_text) refers to no_argv.o(.text) for __ARM_get_argv
    sys_exit.o(.text) refers (Special) to use_no_semi.o(.text) for __I$use$semihosting
    sys_exit.o(.text) refers (Special) to indicate_semi.o(.text) for __semihosting_library_function
    _get_argv_nomalloc.o(.text) refers (Special) to hrguard.o(.text) for __heap_region$guard
    _get_argv_nomalloc.o(.text) refers to defsig_rtmem_outer.o(.text) for __rt_SIGRTMEM
    _get_argv_nomalloc.o(.text) refers to sys_command.o(.text) for _sys_command_string
    libshutdown.o(.ARM.Collect$$libshutdown$$00000000) refers (Special) to libshutdown2.o(.ARM.Collect$$libshutdown$$00000002) for __rt_lib_shutdown_cpp_1
    libshutdown.o(.ARM.Collect$$libshutdown$$00000000) refers (Special) to libshutdown2.o(.ARM.Collect$$libshutdown$$00000007) for __rt_lib_shutdown_fp_trap_1
    libshutdown.o(.ARM.Collect$$libshutdown$$00000000) refers (Special) to libshutdown2.o(.ARM.Collect$$libshutdown$$0000000F) for __rt_lib_shutdown_heap_1
    libshutdown.o(.ARM.Collect$$libshutdown$$00000000) refers (Special) to libshutdown2.o(.ARM.Collect$$libshutdown$$00000010) for __rt_lib_shutdown_return
    libshutdown.o(.ARM.Collect$$libshutdown$$00000000) refers (Special) to libshutdown2.o(.ARM.Collect$$libshutdown$$0000000A) for __rt_lib_shutdown_signal_1
    libshutdown.o(.ARM.Collect$$libshutdown$$00000000) refers (Special) to libshutdown2.o(.ARM.Collect$$libshutdown$$00000004) for __rt_lib_shutdown_stdio_1
    libshutdown.o(.ARM.Collect$$libshutdown$$00000000) refers (Special) to libshutdown2.o(.ARM.Collect$$libshutdown$$0000000C) for __rt_lib_shutdown_user_alloc_1
    sys_command.o(.text) refers (Special) to use_no_semi.o(.text) for __I$use$semihosting
    sys_command.o(.text) refers (Special) to indicate_semi.o(.text) for __semihosting_library_function
    defsig_rtmem_outer.o(.text) refers to defsig_rtmem_inner.o(.text) for __rt_SIGRTMEM_inner
    defsig_rtmem_outer.o(.text) refers to defsig_exit.o(.text) for __sig_exit
    defsig_rtmem_formal.o(.text) refers to rt_raise.o(.text) for __rt_raise
    rt_raise.o(.text) refers to __raise.o(.text) for __raise
    rt_raise.o(.text) refers to sys_exit.o(.text) for _sys_exit
    defsig_exit.o(.text) refers to sys_exit.o(.text) for _sys_exit
    defsig_rtmem_inner.o(.text) refers to defsig_general.o(.text) for __default_signal_display
    __raise.o(.text) refers to defsig.o(CL$$defsig) for __default_signal_handler
    defsig_general.o(.text) refers to sys_wrch.o(.text) for _ttywrch
    sys_wrch.o(.text) refers (Special) to use_no_semi.o(.text) for __I$use$semihosting
    sys_wrch.o(.text) refers (Special) to indicate_semi.o(.text) for __semihosting_library_function
    defsig.o(CL$$defsig) refers to defsig_rtmem_inner.o(.text) for __rt_SIGRTMEM_inner
    defsig_abrt_inner.o(.text) refers to defsig_general.o(.text) for __default_signal_display
    defsig_fpe_inner.o(.text) refers to defsig_general.o(.text) for __default_signal_display
    defsig_rtred_inner.o(.text) refers to defsig_general.o(.text) for __default_signal_display
    defsig_stak_inner.o(.text) refers to defsig_general.o(.text) for __default_signal_display
    defsig_pvfn_inner.o(.text) refers to defsig_general.o(.text) for __default_signal_display
    defsig_cppl_inner.o(.text) refers to defsig_general.o(.text) for __default_signal_display
    defsig_segv_inner.o(.text) refers to defsig_general.o(.text) for __default_signal_display
    defsig_other.o(.text) refers to defsig_general.o(.text) for __default_signal_display


==============================================================================

Removing Unused input sections from the image.

    Removing main.o(i.LCD_Pixel), (76 bytes).
    Removing main.o(i.pwm_setup), (224 bytes).
    Removing main.o(i.read_char), (28 bytes).

3 unused section(s) (total 328 bytes) removed from the image.

==============================================================================

Image Symbol Table

    Local Symbols

    Symbol Name                              Value     Ov Type        Size  Object(Section)

    RESET                                    0x00000000   Section      620  startup.o(RESET)
    ../clib/angel/boardlib.s                 0x00000000   Number         0  boardshut.o ABSOLUTE
    ../clib/angel/boardlib.s                 0x00000000   Number         0  boardinit1.o ABSOLUTE
    ../clib/angel/boardlib.s                 0x00000000   Number         0  boardinit3.o ABSOLUTE
    ../clib/angel/boardlib.s                 0x00000000   Number         0  boardinit2.o ABSOLUTE
    ../clib/angel/handlers.s                 0x00000000   Number         0  __scatter_zi.o ABSOLUTE
    ../clib/angel/handlers.s                 0x00000000   Number         0  __scatter_copy.o ABSOLUTE
    ../clib/angel/kernel.s                   0x00000000   Number         0  rtexit2.o ABSOLUTE
    ../clib/angel/kernel.s                   0x00000000   Number         0  __rtentry4.o ABSOLUTE
    ../clib/angel/kernel.s                   0x00000000   Number         0  __rtentry2.o ABSOLUTE
    ../clib/angel/kernel.s                   0x00000000   Number         0  __rtentry.o ABSOLUTE
    ../clib/angel/kernel.s                   0x00000000   Number         0  rtexit.o ABSOLUTE
    ../clib/angel/rt.s                       0x00000000   Number         0  rt_raise.o ABSOLUTE
    ../clib/angel/scatter.s                  0x00000000   Number         0  __scatter.o ABSOLUTE
    ../clib/angel/startup.s                  0x00000000   Number         0  __main.o ABSOLUTE
    ../clib/angel/sys.s                      0x00000000   Number         0  sys_stackheap_outer.o ABSOLUTE
    ../clib/angel/sys.s                      0x00000000   Number         0  libspace.o ABSOLUTE
    ../clib/angel/sys.s                      0x00000000   Number         0  indicate_semi.o ABSOLUTE
    ../clib/angel/sys.s                      0x00000000   Number         0  use_no_semi.o ABSOLUTE
    ../clib/angel/sysapp.c                   0x00000000   Number         0  sys_wrch.o ABSOLUTE
    ../clib/angel/sysapp.c                   0x00000000   Number         0  sys_exit.o ABSOLUTE
    ../clib/angel/sysapp.c                   0x00000000   Number         0  sys_command.o ABSOLUTE
    ../clib/armsys.c                         0x00000000   Number         0  argv_veneer.o ABSOLUTE
    ../clib/armsys.c                         0x00000000   Number         0  argv_veneer.o ABSOLUTE
    ../clib/armsys.c                         0x00000000   Number         0  no_argv.o ABSOLUTE
    ../clib/armsys.c                         0x00000000   Number         0  _get_argv_nomalloc.o ABSOLUTE
    ../clib/heapalloc.c                      0x00000000   Number         0  hrguard.o ABSOLUTE
    ../clib/heapaux.c                        0x00000000   Number         0  heapauxi.o ABSOLUTE
    ../clib/libinit.s                        0x00000000   Number         0  libshutdown2.o ABSOLUTE
    ../clib/libinit.s                        0x00000000   Number         0  libinit2.o ABSOLUTE
    ../clib/libinit.s                        0x00000000   Number         0  libshutdown.o ABSOLUTE
    ../clib/libinit.s                        0x00000000   Number         0  libinit.o ABSOLUTE
    ../clib/signal.c                         0x00000000   Number         0  defsig_cppl_inner.o ABSOLUTE
    ../clib/signal.c                         0x00000000   Number         0  defsig_pvfn_inner.o ABSOLUTE
    ../clib/signal.c                         0x00000000   Number         0  defsig_stak_inner.o ABSOLUTE
    ../clib/signal.c                         0x00000000   Number         0  defsig_rtred_inner.o ABSOLUTE
    ../clib/signal.c                         0x00000000   Number         0  defsig_fpe_inner.o ABSOLUTE
    ../clib/signal.c                         0x00000000   Number         0  defsig_segv_inner.o ABSOLUTE
    ../clib/signal.c                         0x00000000   Number         0  defsig_general.o ABSOLUTE
    ../clib/signal.c                         0x00000000   Number         0  defsig_rtmem_inner.o ABSOLUTE
    ../clib/signal.c                         0x00000000   Number         0  defsig_exit.o ABSOLUTE
    ../clib/signal.c                         0x00000000   Number         0  defsig_abrt_inner.o ABSOLUTE
    ../clib/signal.c                         0x00000000   Number         0  __raise.o ABSOLUTE
    ../clib/signal.c                         0x00000000   Number         0  defsig_other.o ABSOLUTE
    ../clib/signal.c                         0x00000000   Number         0  defsig_rtmem_outer.o ABSOLUTE
    ../clib/signal.c                         0x00000000   Number         0  defsig_rtmem_formal.o ABSOLUTE
    ../clib/signal.s                         0x00000000   Number         0  defsig.o ABSOLUTE
    ../clib/stdlib.c                         0x00000000   Number         0  exit.o ABSOLUTE
    ../fplib/fpinit.s                        0x00000000   Number         0  fpinit.o ABSOLUTE
    Startup.s                                0x00000000   Number         0  startup.o ABSOLUTE
    dc.s                                     0x00000000   Number         0  dc.o ABSOLUTE
    main.c                                   0x00000000   Number         0  main.o ABSOLUTE
    !!!main                                  0x0000026c   Section        8  __main.o(!!!main)
    !!!scatter                               0x00000274   Section       52  __scatter.o(!!!scatter)
    !!handler_copy                           0x000002a8   Section       26  __scatter_copy.o(!!handler_copy)
    !!handler_zi                             0x000002c4   Section       28  __scatter_zi.o(!!handler_zi)
    .ARM.Collect$$libinit$$00000000          0x000002e0   Section        2  libinit.o(.ARM.Collect$$libinit$$00000000)
    .ARM.Collect$$libinit$$00000001          0x000002e2   Section        4  libinit2.o(.ARM.Collect$$libinit$$00000001)
    .ARM.Collect$$libinit$$00000004          0x000002e6   Section        0  libinit2.o(.ARM.Collect$$libinit$$00000004)
    .ARM.Collect$$libinit$$0000000A          0x000002e6   Section        0  libinit2.o(.ARM.Collect$$libinit$$0000000A)
    .ARM.Collect$$libinit$$0000000C          0x000002e6   Section        0  libinit2.o(.ARM.Collect$$libinit$$0000000C)
    .ARM.Collect$$libinit$$0000000E          0x000002e6   Section        0  libinit2.o(.ARM.Collect$$libinit$$0000000E)
    .ARM.Collect$$libinit$$00000011          0x000002e6   Section        0  libinit2.o(.ARM.Collect$$libinit$$00000011)
    .ARM.Collect$$libinit$$00000013          0x000002e6   Section        0  libinit2.o(.ARM.Collect$$libinit$$00000013)
    .ARM.Collect$$libinit$$00000015          0x000002e6   Section        0  libinit2.o(.ARM.Collect$$libinit$$00000015)
    .ARM.Collect$$libinit$$00000017          0x000002e6   Section        0  libinit2.o(.ARM.Collect$$libinit$$00000017)
    .ARM.Collect$$libinit$$00000019          0x000002e6   Section        0  libinit2.o(.ARM.Collect$$libinit$$00000019)
    .ARM.Collect$$libinit$$0000001B          0x000002e6   Section        0  libinit2.o(.ARM.Collect$$libinit$$0000001B)
    .ARM.Collect$$libinit$$0000001D          0x000002e6   Section        0  libinit2.o(.ARM.Collect$$libinit$$0000001D)
    .ARM.Collect$$libinit$$0000001F          0x000002e6   Section        0  libinit2.o(.ARM.Collect$$libinit$$0000001F)
    .ARM.Collect$$libinit$$00000021          0x000002e6   Section        0  libinit2.o(.ARM.Collect$$libinit$$00000021)
    .ARM.Collect$$libinit$$00000023          0x000002e6   Section        0  libinit2.o(.ARM.Collect$$libinit$$00000023)
    .ARM.Collect$$libinit$$00000025          0x000002e6   Section        0  libinit2.o(.ARM.Collect$$libinit$$00000025)
    .ARM.Collect$$libinit$$0000002C          0x000002e6   Section        0  libinit2.o(.ARM.Collect$$libinit$$0000002C)
    .ARM.Collect$$libinit$$0000002E          0x000002e6   Section        0  libinit2.o(.ARM.Collect$$libinit$$0000002E)
    .ARM.Collect$$libinit$$00000030          0x000002e6   Section        0  libinit2.o(.ARM.Collect$$libinit$$00000030)
    .ARM.Collect$$libinit$$00000032          0x000002e6   Section        0  libinit2.o(.ARM.Collect$$libinit$$00000032)
    .ARM.Collect$$libinit$$00000033          0x000002e6   Section        2  libinit2.o(.ARM.Collect$$libinit$$00000033)
    .ARM.Collect$$libshutdown$$00000000      0x000002e8   Section        2  libshutdown.o(.ARM.Collect$$libshutdown$$00000000)
    .ARM.Collect$$libshutdown$$00000002      0x000002ea   Section        0  libshutdown2.o(.ARM.Collect$$libshutdown$$00000002)
    .ARM.Collect$$libshutdown$$00000004      0x000002ea   Section        0  libshutdown2.o(.ARM.Collect$$libshutdown$$00000004)
    .ARM.Collect$$libshutdown$$00000007      0x000002ea   Section        0  libshutdown2.o(.ARM.Collect$$libshutdown$$00000007)
    .ARM.Collect$$libshutdown$$0000000A      0x000002ea   Section        0  libshutdown2.o(.ARM.Collect$$libshutdown$$0000000A)
    .ARM.Collect$$libshutdown$$0000000C      0x000002ea   Section        0  libshutdown2.o(.ARM.Collect$$libshutdown$$0000000C)
    .ARM.Collect$$libshutdown$$0000000F      0x000002ea   Section        0  libshutdown2.o(.ARM.Collect$$libshutdown$$0000000F)
    .ARM.Collect$$libshutdown$$00000010      0x000002ea   Section        2  libshutdown2.o(.ARM.Collect$$libshutdown$$00000010)
    .ARM.Collect$$rtentry$$00000000          0x000002ec   Section        0  __rtentry.o(.ARM.Collect$$rtentry$$00000000)
    .ARM.Collect$$rtentry$$00000002          0x000002ec   Section        0  __rtentry2.o(.ARM.Collect$$rtentry$$00000002)
    .ARM.Collect$$rtentry$$00000004          0x000002ec   Section        6  __rtentry4.o(.ARM.Collect$$rtentry$$00000004)
    .ARM.Collect$$rtentry$$00000009          0x000002f2   Section        0  __rtentry2.o(.ARM.Collect$$rtentry$$00000009)
    .ARM.Collect$$rtentry$$0000000A          0x000002f2   Section        4  __rtentry2.o(.ARM.Collect$$rtentry$$0000000A)
    .ARM.Collect$$rtentry$$0000000C          0x000002f6   Section        0  __rtentry2.o(.ARM.Collect$$rtentry$$0000000C)
    .ARM.Collect$$rtentry$$0000000D          0x000002f6   Section        8  __rtentry2.o(.ARM.Collect$$rtentry$$0000000D)
    .ARM.Collect$$rtexit$$00000000           0x000002fe   Section        2  rtexit.o(.ARM.Collect$$rtexit$$00000000)
    .ARM.Collect$$rtexit$$00000002           0x00000300   Section        0  rtexit2.o(.ARM.Collect$$rtexit$$00000002)
    .ARM.Collect$$rtexit$$00000003           0x00000300   Section        4  rtexit2.o(.ARM.Collect$$rtexit$$00000003)
    .ARM.Collect$$rtexit$$00000004           0x00000304   Section        6  rtexit2.o(.ARM.Collect$$rtexit$$00000004)
    .text                                    0x0000030c   Section       88  startup.o(.text)
    $v0                                      0x0000030c   Number         0  startup.o(.text)
    .text                                    0x00000364   Section        0  heapauxi.o(.text)
    .text                                    0x0000036a   Section       74  sys_stackheap_outer.o(.text)
    .text                                    0x000003b4   Section        0  exit.o(.text)
    .text                                    0x000003c8   Section        8  libspace.o(.text)
    .text                                    0x000003d0   Section        0  sys_exit.o(.text)
    .text                                    0x000003dc   Section        2  use_no_semi.o(.text)
    .text                                    0x000003de   Section        0  indicate_semi.o(.text)
    i.DelayMs                                0x000003de   Section        0  main.o(i.DelayMs)
    i.ISR_PORTB                              0x000003f8   Section        0  main.o(i.ISR_PORTB)
    i.LCD_Blank                              0x00000460   Section        0  main.o(i.LCD_Blank)
    i.LCD_Char_Out                           0x00000480   Section        0  main.o(i.LCD_Char_Out)
    i.LCD_Cmd_Out                            0x000004fc   Section        0  main.o(i.LCD_Cmd_Out)
    i.LCD_Contrast                           0x00000520   Section        0  main.o(i.LCD_Contrast)
    i.LCD_Dat_Out                            0x00000550   Section        0  main.o(i.LCD_Dat_Out)
    i.LCD_Init                               0x00000574   Section        0  main.o(i.LCD_Init)
    i.LCD_Refresh                            0x0000063c   Section        0  main.o(i.LCD_Refresh)
    i.dpad_setup                             0x00000680   Section        0  main.o(i.dpad_setup)
    i.game_refresh                           0x00000724   Section        0  main.o(i.game_refresh)
    i.gameover                               0x000008e0   Section        0  main.o(i.gameover)
    i.lcd_setup                              0x000008ec   Section        0  main.o(i.lcd_setup)
    i.main                                   0x000009a0   Section        0  main.o(i.main)
    i.move_enemies                           0x00000b08   Section        0  main.o(i.move_enemies)
    i.move_left                              0x00000b5c   Section        0  main.o(i.move_left)
    i.move_right                             0x00000b74   Section        0  main.o(i.move_right)
    i.newl                                   0x00000b8c   Section        0  main.o(i.newl)
    i.print_board                            0x00000b9c   Section        0  main.o(i.print_board)
    i.shoot                                  0x00000c4c   Section        0  main.o(i.shoot)
    i.spawn_bullets                          0x00000c98   Section        0  main.o(i.spawn_bullets)
    i.spawn_enemy                            0x00000d14   Section        0  main.o(i.spawn_enemy)
    i.start_game                             0x00000d60   Section        0  main.o(i.start_game)
    i.uart_setup                             0x00000dc0   Section        0  main.o(i.uart_setup)
    i.update_bullets                         0x00000e98   Section        0  main.o(i.update_bullets)
    i.write_char                             0x00000f34   Section        0  main.o(i.write_char)
    x$fpl$fpinit                             0x00000f54   Section       10  fpinit.o(x$fpl$fpinit)
    $v0                                      0x00000f54   Number         0  fpinit.o(x$fpl$fpinit)
    .data                                    0x20000000   Section       24  main.o(.data)
    .bss                                     0x20000018   Section     4016  main.o(.bss)
    .bss                                     0x20000fc8   Section       96  libspace.o(.bss)
    HEAP                                     0x20001028   Section        0  startup.o(HEAP)
    STACK                                    0x20001028   Section     1024  startup.o(STACK)
    Heap_Mem                                 0x20001028   Data           0  startup.o(HEAP)
    Stack_Mem                                0x20001028   Data        1024  startup.o(STACK)
    __initial_sp                             0x20001428   Data           0  startup.o(STACK)

    Global Symbols

    Symbol Name                              Value     Ov Type        Size  Object(Section)

    BuildAttributes$$THM_ISAv4$E$P$D$K$B$S$7EM$VFPi3$EXTD16$VFPS$VFMA$PE$A:L22UL41UL21$X:L11$S22US41US21$IEEE1$IW$USESV6$~STKCKD$USESV7$~SHL$OSPACE$ROPI$EBA8$UX$STANDARDLIB$REQ8$PRES8$EABIv2 0x00000000   Number         0  anon$$obj.o ABSOLUTE
    __ARM_use_no_argv                        0x00000000   Number         0  main.o ABSOLUTE
    __Vectors                                0x00000000   Data           0  startup.o(RESET)
    __ARM_exceptions_init                     - Undefined Weak Reference
    __alloca_initialize                       - Undefined Weak Reference
    __arm_preinit_                            - Undefined Weak Reference
    __cpp_initialize__aeabi_                  - Undefined Weak Reference
    __cxa_finalize                            - Undefined Weak Reference
    __rt_locale                               - Undefined Weak Reference
    __sigvec_lookup                           - Undefined Weak Reference
    _atexit_init                              - Undefined Weak Reference
    _call_atexit_fns                          - Undefined Weak Reference
    _clock_init                               - Undefined Weak Reference
    _fp_trap_init                             - Undefined Weak Reference
    _fp_trap_shutdown                         - Undefined Weak Reference
    _get_lc_collate                           - Undefined Weak Reference
    _get_lc_ctype                             - Undefined Weak Reference
    _get_lc_monetary                          - Undefined Weak Reference
    _get_lc_numeric                           - Undefined Weak Reference
    _get_lc_time                              - Undefined Weak Reference
    _getenv_init                              - Undefined Weak Reference
    _handle_redirection                       - Undefined Weak Reference
    _init_alloc                               - Undefined Weak Reference
    _init_user_alloc                          - Undefined Weak Reference
    _initio                                   - Undefined Weak Reference
    _rand_init                                - Undefined Weak Reference
    _signal_finish                            - Undefined Weak Reference
    _signal_init                              - Undefined Weak Reference
    _terminate_alloc                          - Undefined Weak Reference
    _terminate_user_alloc                     - Undefined Weak Reference
    _terminateio                              - Undefined Weak Reference
    __Vectors_End                            0x0000026c   Data           0  startup.o(RESET)
    __Vectors_Size                           0x0000026c   Number         0  startup.o ABSOLUTE
    __main                                   0x0000026d   Thumb Code     8  __main.o(!!!main)
    __scatterload                            0x00000275   Thumb Code     0  __scatter.o(!!!scatter)
    __scatterload_rt2                        0x00000275   Thumb Code    44  __scatter.o(!!!scatter)
    __scatterload_rt2_thumb_only             0x00000275   Thumb Code     0  __scatter.o(!!!scatter)
    __scatterload_null                       0x00000283   Thumb Code     0  __scatter.o(!!!scatter)
    __scatterload_copy                       0x000002a9   Thumb Code    26  __scatter_copy.o(!!handler_copy)
    __scatterload_zeroinit                   0x000002c5   Thumb Code    28  __scatter_zi.o(!!handler_zi)
    __rt_lib_init                            0x000002e1   Thumb Code     0  libinit.o(.ARM.Collect$$libinit$$00000000)
    __rt_lib_init_fp_1                       0x000002e3   Thumb Code     0  libinit2.o(.ARM.Collect$$libinit$$00000001)
    __rt_lib_init_alloca_1                   0x000002e7   Thumb Code     0  libinit2.o(.ARM.Collect$$libinit$$0000002E)
    __rt_lib_init_argv_1                     0x000002e7   Thumb Code     0  libinit2.o(.ARM.Collect$$libinit$$0000002C)
    __rt_lib_init_atexit_1                   0x000002e7   Thumb Code     0  libinit2.o(.ARM.Collect$$libinit$$0000001B)
    __rt_lib_init_clock_1                    0x000002e7   Thumb Code     0  libinit2.o(.ARM.Collect$$libinit$$00000021)
    __rt_lib_init_cpp_1                      0x000002e7   Thumb Code     0  libinit2.o(.ARM.Collect$$libinit$$00000032)
    __rt_lib_init_exceptions_1               0x000002e7   Thumb Code     0  libinit2.o(.ARM.Collect$$libinit$$00000030)
    __rt_lib_init_fp_trap_1                  0x000002e7   Thumb Code     0  libinit2.o(.ARM.Collect$$libinit$$0000001F)
    __rt_lib_init_getenv_1                   0x000002e7   Thumb Code     0  libinit2.o(.ARM.Collect$$libinit$$00000023)
    __rt_lib_init_heap_1                     0x000002e7   Thumb Code     0  libinit2.o(.ARM.Collect$$libinit$$0000000A)
    __rt_lib_init_lc_collate_1               0x000002e7   Thumb Code     0  libinit2.o(.ARM.Collect$$libinit$$00000011)
    __rt_lib_init_lc_ctype_1                 0x000002e7   Thumb Code     0  libinit2.o(.ARM.Collect$$libinit$$00000013)
    __rt_lib_init_lc_monetary_1              0x000002e7   Thumb Code     0  libinit2.o(.ARM.Collect$$libinit$$00000015)
    __rt_lib_init_lc_numeric_1               0x000002e7   Thumb Code     0  libinit2.o(.ARM.Collect$$libinit$$00000017)
    __rt_lib_init_lc_time_1                  0x000002e7   Thumb Code     0  libinit2.o(.ARM.Collect$$libinit$$00000019)
    __rt_lib_init_preinit_1                  0x000002e7   Thumb Code     0  libinit2.o(.ARM.Collect$$libinit$$00000004)
    __rt_lib_init_rand_1                     0x000002e7   Thumb Code     0  libinit2.o(.ARM.Collect$$libinit$$0000000E)
    __rt_lib_init_return                     0x000002e7   Thumb Code     0  libinit2.o(.ARM.Collect$$libinit$$00000033)
    __rt_lib_init_signal_1                   0x000002e7   Thumb Code     0  libinit2.o(.ARM.Collect$$libinit$$0000001D)
    __rt_lib_init_stdio_1                    0x000002e7   Thumb Code     0  libinit2.o(.ARM.Collect$$libinit$$00000025)
    __rt_lib_init_user_alloc_1               0x000002e7   Thumb Code     0  libinit2.o(.ARM.Collect$$libinit$$0000000C)
    __rt_lib_shutdown                        0x000002e9   Thumb Code     0  libshutdown.o(.ARM.Collect$$libshutdown$$00000000)
    __rt_lib_shutdown_cpp_1                  0x000002eb   Thumb Code     0  libshutdown2.o(.ARM.Collect$$libshutdown$$00000002)
    __rt_lib_shutdown_fp_trap_1              0x000002eb   Thumb Code     0  libshutdown2.o(.ARM.Collect$$libshutdown$$00000007)
    __rt_lib_shutdown_heap_1                 0x000002eb   Thumb Code     0  libshutdown2.o(.ARM.Collect$$libshutdown$$0000000F)
    __rt_lib_shutdown_return                 0x000002eb   Thumb Code     0  libshutdown2.o(.ARM.Collect$$libshutdown$$00000010)
    __rt_lib_shutdown_signal_1               0x000002eb   Thumb Code     0  libshutdown2.o(.ARM.Collect$$libshutdown$$0000000A)
    __rt_lib_shutdown_stdio_1                0x000002eb   Thumb Code     0  libshutdown2.o(.ARM.Collect$$libshutdown$$00000004)
    __rt_lib_shutdown_user_alloc_1           0x000002eb   Thumb Code     0  libshutdown2.o(.ARM.Collect$$libshutdown$$0000000C)
    __rt_entry                               0x000002ed   Thumb Code     0  __rtentry.o(.ARM.Collect$$rtentry$$00000000)
    __rt_entry_presh_1                       0x000002ed   Thumb Code     0  __rtentry2.o(.ARM.Collect$$rtentry$$00000002)
    __rt_entry_sh                            0x000002ed   Thumb Code     0  __rtentry4.o(.ARM.Collect$$rtentry$$00000004)
    __rt_entry_li                            0x000002f3   Thumb Code     0  __rtentry2.o(.ARM.Collect$$rtentry$$0000000A)
    __rt_entry_postsh_1                      0x000002f3   Thumb Code     0  __rtentry2.o(.ARM.Collect$$rtentry$$00000009)
    __rt_entry_main                          0x000002f7   Thumb Code     0  __rtentry2.o(.ARM.Collect$$rtentry$$0000000D)
    __rt_entry_postli_1                      0x000002f7   Thumb Code     0  __rtentry2.o(.ARM.Collect$$rtentry$$0000000C)
    __rt_exit                                0x000002ff   Thumb Code     0  rtexit.o(.ARM.Collect$$rtexit$$00000000)
    __rt_exit_ls                             0x00000301   Thumb Code     0  rtexit2.o(.ARM.Collect$$rtexit$$00000003)
    __rt_exit_prels_1                        0x00000301   Thumb Code     0  rtexit2.o(.ARM.Collect$$rtexit$$00000002)
    __rt_exit_exit                           0x00000305   Thumb Code     0  rtexit2.o(.ARM.Collect$$rtexit$$00000004)
    Reset_Handler                            0x0000030d   Thumb Code     0  startup.o(.text)
    NMI_Handler                              0x00000321   Thumb Code     2  startup.o(.text)
    HardFault_Handler                        0x00000323   Thumb Code     2  startup.o(.text)
    MemManage_Handler                        0x00000325   Thumb Code     2  startup.o(.text)
    BusFault_Handler                         0x00000327   Thumb Code     2  startup.o(.text)
    UsageFault_Handler                       0x00000329   Thumb Code     2  startup.o(.text)
    SVC_Handler                              0x0000032b   Thumb Code     2  startup.o(.text)
    DebugMon_Handler                         0x0000032d   Thumb Code     2  startup.o(.text)
    PendSV_Handler                           0x0000032f   Thumb Code     2  startup.o(.text)
    SysTick_Handler                          0x00000331   Thumb Code     2  startup.o(.text)
    ADC0SS0_Handler                          0x00000333   Thumb Code     0  startup.o(.text)
    ADC0SS1_Handler                          0x00000333   Thumb Code     0  startup.o(.text)
    ADC0SS2_Handler                          0x00000333   Thumb Code     0  startup.o(.text)
    ADC0SS3_Handler                          0x00000333   Thumb Code     0  startup.o(.text)
    ADC1SS0_Handler                          0x00000333   Thumb Code     0  startup.o(.text)
    ADC1SS1_Handler                          0x00000333   Thumb Code     0  startup.o(.text)
    ADC1SS2_Handler                          0x00000333   Thumb Code     0  startup.o(.text)
    ADC1SS3_Handler                          0x00000333   Thumb Code     0  startup.o(.text)
    CAN0_Handler                             0x00000333   Thumb Code     0  startup.o(.text)
    CAN1_Handler                             0x00000333   Thumb Code     0  startup.o(.text)
    CAN2_Handler                             0x00000333   Thumb Code     0  startup.o(.text)
    COMP0_Handler                            0x00000333   Thumb Code     0  startup.o(.text)
    COMP1_Handler                            0x00000333   Thumb Code     0  startup.o(.text)
    COMP2_Handler                            0x00000333   Thumb Code     0  startup.o(.text)
    FLASH_Handler                            0x00000333   Thumb Code     0  startup.o(.text)
    FPU_Handler                              0x00000333   Thumb Code     0  startup.o(.text)
    GPIOA_Handler                            0x00000333   Thumb Code     0  startup.o(.text)
    GPIOB_Handler                            0x00000333   Thumb Code     0  startup.o(.text)
    GPIOC_Handler                            0x00000333   Thumb Code     0  startup.o(.text)
    GPIOD_Handler                            0x00000333   Thumb Code     0  startup.o(.text)
    GPIOE_Handler                            0x00000333   Thumb Code     0  startup.o(.text)
    GPIOF_Handler                            0x00000333   Thumb Code     0  startup.o(.text)
    GPIOG_Handler                            0x00000333   Thumb Code     0  startup.o(.text)
    GPIOH_Handler                            0x00000333   Thumb Code     0  startup.o(.text)
    GPIOJ_Handler                            0x00000333   Thumb Code     0  startup.o(.text)
    GPIOK_Handler                            0x00000333   Thumb Code     0  startup.o(.text)
    GPIOL_Handler                            0x00000333   Thumb Code     0  startup.o(.text)
    GPIOM_Handler                            0x00000333   Thumb Code     0  startup.o(.text)
    GPION_Handler                            0x00000333   Thumb Code     0  startup.o(.text)
    GPIOP0_Handler                           0x00000333   Thumb Code     0  startup.o(.text)
    GPIOP1_Handler                           0x00000333   Thumb Code     0  startup.o(.text)
    GPIOP2_Handler                           0x00000333   Thumb Code     0  startup.o(.text)
    GPIOP3_Handler                           0x00000333   Thumb Code     0  startup.o(.text)
    GPIOP4_Handler                           0x00000333   Thumb Code     0  startup.o(.text)
    GPIOP5_Handler                           0x00000333   Thumb Code     0  startup.o(.text)
    GPIOP6_Handler                           0x00000333   Thumb Code     0  startup.o(.text)
    GPIOP7_Handler                           0x00000333   Thumb Code     0  startup.o(.text)
    GPIOQ0_Handler                           0x00000333   Thumb Code     0  startup.o(.text)
    GPIOQ1_Handler                           0x00000333   Thumb Code     0  startup.o(.text)
    GPIOQ2_Handler                           0x00000333   Thumb Code     0  startup.o(.text)
    GPIOQ3_Handler                           0x00000333   Thumb Code     0  startup.o(.text)
    GPIOQ4_Handler                           0x00000333   Thumb Code     0  startup.o(.text)
    GPIOQ5_Handler                           0x00000333   Thumb Code     0  startup.o(.text)
    GPIOQ6_Handler                           0x00000333   Thumb Code     0  startup.o(.text)
    GPIOQ7_Handler                           0x00000333   Thumb Code     0  startup.o(.text)
    GPIOR_Handler                            0x00000333   Thumb Code     0  startup.o(.text)
    GPIOS_Handler                            0x00000333   Thumb Code     0  startup.o(.text)
    HIB_Handler                              0x00000333   Thumb Code     0  startup.o(.text)
    I2C0_Handler                             0x00000333   Thumb Code     0  startup.o(.text)
    I2C1_Handler                             0x00000333   Thumb Code     0  startup.o(.text)
    I2C2_Handler                             0x00000333   Thumb Code     0  startup.o(.text)
    I2C3_Handler                             0x00000333   Thumb Code     0  startup.o(.text)
    I2C4_Handler                             0x00000333   Thumb Code     0  startup.o(.text)
    I2C5_Handler                             0x00000333   Thumb Code     0  startup.o(.text)
    PWM0_0_Handler                           0x00000333   Thumb Code     0  startup.o(.text)
    PWM0_1_Handler                           0x00000333   Thumb Code     0  startup.o(.text)
    PWM0_2_Handler                           0x00000333   Thumb Code     0  startup.o(.text)
    PWM0_3_Handler                           0x00000333   Thumb Code     0  startup.o(.text)
    PWM0_FAULT_Handler                       0x00000333   Thumb Code     0  startup.o(.text)
    PWM1_0_Handler                           0x00000333   Thumb Code     0  startup.o(.text)
    PWM1_1_Handler                           0x00000333   Thumb Code     0  startup.o(.text)
    PWM1_2_Handler                           0x00000333   Thumb Code     0  startup.o(.text)
    PWM1_3_Handler                           0x00000333   Thumb Code     0  startup.o(.text)
    PWM1_FAULT_Handler                       0x00000333   Thumb Code     0  startup.o(.text)
    QEI0_Handler                             0x00000333   Thumb Code     0  startup.o(.text)
    QEI1_Handler                             0x00000333   Thumb Code     0  startup.o(.text)
    QEI2_Handler                             0x00000333   Thumb Code     0  startup.o(.text)
    SSI0_Handler                             0x00000333   Thumb Code     0  startup.o(.text)
    SSI1_Handler                             0x00000333   Thumb Code     0  startup.o(.text)
    SSI2_Handler                             0x00000333   Thumb Code     0  startup.o(.text)
    SSI3_Handler                             0x00000333   Thumb Code     0  startup.o(.text)
    SYSCTL_Handler                           0x00000333   Thumb Code     0  startup.o(.text)
    TIMER0A_Handler                          0x00000333   Thumb Code     0  startup.o(.text)
    TIMER0B_Handler                          0x00000333   Thumb Code     0  startup.o(.text)
    TIMER1A_Handler                          0x00000333   Thumb Code     0  startup.o(.text)
    TIMER1B_Handler                          0x00000333   Thumb Code     0  startup.o(.text)
    TIMER2A_Handler                          0x00000333   Thumb Code     0  startup.o(.text)
    TIMER2B_Handler                          0x00000333   Thumb Code     0  startup.o(.text)
    TIMER3A_Handler                          0x00000333   Thumb Code     0  startup.o(.text)
    TIMER3B_Handler                          0x00000333   Thumb Code     0  startup.o(.text)
    TIMER4A_Handler                          0x00000333   Thumb Code     0  startup.o(.text)
    TIMER4B_Handler                          0x00000333   Thumb Code     0  startup.o(.text)
    TIMER5A_Handler                          0x00000333   Thumb Code     0  startup.o(.text)
    TIMER5B_Handler                          0x00000333   Thumb Code     0  startup.o(.text)
    UART0_Handler                            0x00000333   Thumb Code     0  startup.o(.text)
    UART1_Handler                            0x00000333   Thumb Code     0  startup.o(.text)
    UART2_Handler                            0x00000333   Thumb Code     0  startup.o(.text)
    UART3_Handler                            0x00000333   Thumb Code     0  startup.o(.text)
    UART4_Handler                            0x00000333   Thumb Code     0  startup.o(.text)
    UART5_Handler                            0x00000333   Thumb Code     0  startup.o(.text)
    UART6_Handler                            0x00000333   Thumb Code     0  startup.o(.text)
    UART7_Handler                            0x00000333   Thumb Code     0  startup.o(.text)
    UDMAERR_Handler                          0x00000333   Thumb Code     0  startup.o(.text)
    UDMA_Handler                             0x00000333   Thumb Code     0  startup.o(.text)
    USB0_Handler                             0x00000333   Thumb Code     0  startup.o(.text)
    WDT0_Handler                             0x00000333   Thumb Code     0  startup.o(.text)
    WTIMER0A_Handler                         0x00000333   Thumb Code     0  startup.o(.text)
    WTIMER0B_Handler                         0x00000333   Thumb Code     0  startup.o(.text)
    WTIMER1A_Handler                         0x00000333   Thumb Code     0  startup.o(.text)
    WTIMER1B_Handler                         0x00000333   Thumb Code     0  startup.o(.text)
    WTIMER2A_Handler                         0x00000333   Thumb Code     0  startup.o(.text)
    WTIMER2B_Handler                         0x00000333   Thumb Code     0  startup.o(.text)
    WTIMER3A_Handler                         0x00000333   Thumb Code     0  startup.o(.text)
    WTIMER3B_Handler                         0x00000333   Thumb Code     0  startup.o(.text)
    WTIMER4A_Handler                         0x00000333   Thumb Code     0  startup.o(.text)
    WTIMER4B_Handler                         0x00000333   Thumb Code     0  startup.o(.text)
    WTIMER5A_Handler                         0x00000333   Thumb Code     0  startup.o(.text)
    WTIMER5B_Handler                         0x00000333   Thumb Code     0  startup.o(.text)
    DisableInterrupts                        0x00000335   Thumb Code     0  startup.o(.text)
    EnableInterrupts                         0x00000339   Thumb Code     0  startup.o(.text)
    StartCritical                            0x0000033d   Thumb Code     0  startup.o(.text)
    EndCritical                              0x00000345   Thumb Code     0  startup.o(.text)
    WaitForInterrupt                         0x0000034b   Thumb Code     0  startup.o(.text)
    __user_initial_stackheap                 0x0000034f   Thumb Code     0  startup.o(.text)
    __use_two_region_memory                  0x00000365   Thumb Code     2  heapauxi.o(.text)
    __rt_heap_escrow$2region                 0x00000367   Thumb Code     2  heapauxi.o(.text)
    __rt_heap_expand$2region                 0x00000369   Thumb Code     2  heapauxi.o(.text)
    __user_setup_stackheap                   0x0000036b   Thumb Code    74  sys_stackheap_outer.o(.text)
    exit                                     0x000003b5   Thumb Code    18  exit.o(.text)
    __user_libspace                          0x000003c9   Thumb Code     8  libspace.o(.text)
    __user_perproc_libspace                  0x000003c9   Thumb Code     0  libspace.o(.text)
    __user_perthread_libspace                0x000003c9   Thumb Code     0  libspace.o(.text)
    _sys_exit                                0x000003d1   Thumb Code     8  sys_exit.o(.text)
    __I$use$semihosting                      0x000003dd   Thumb Code     0  use_no_semi.o(.text)
    __use_no_semihosting_swi                 0x000003dd   Thumb Code     2  use_no_semi.o(.text)
    DelayMs                                  0x000003df   Thumb Code    24  main.o(i.DelayMs)
    __semihosting_library_function           0x000003df   Thumb Code     0  indicate_semi.o(.text)
    ISR_PORTB                                0x000003f9   Thumb Code   100  main.o(i.ISR_PORTB)
    LCD_Blank                                0x00000461   Thumb Code    26  main.o(i.LCD_Blank)
    LCD_Char_Out                             0x00000481   Thumb Code   112  main.o(i.LCD_Char_Out)
    LCD_Cmd_Out                              0x000004fd   Thumb Code    30  main.o(i.LCD_Cmd_Out)
    LCD_Contrast                             0x00000521   Thumb Code    46  main.o(i.LCD_Contrast)
    LCD_Dat_Out                              0x00000551   Thumb Code    30  main.o(i.LCD_Dat_Out)
    LCD_Init                                 0x00000575   Thumb Code   196  main.o(i.LCD_Init)
    LCD_Refresh                              0x0000063d   Thumb Code    62  main.o(i.LCD_Refresh)
    dpad_setup                               0x00000681   Thumb Code   144  main.o(i.dpad_setup)
    game_refresh                             0x00000725   Thumb Code   416  main.o(i.game_refresh)
    gameover                                 0x000008e1   Thumb Code     8  main.o(i.gameover)
    lcd_setup                                0x000008ed   Thumb Code   154  main.o(i.lcd_setup)
    main                                     0x000009a1   Thumb Code   322  main.o(i.main)
    move_enemies                             0x00000b09   Thumb Code    80  main.o(i.move_enemies)
    move_left                                0x00000b5d   Thumb Code    20  main.o(i.move_left)
    move_right                               0x00000b75   Thumb Code    20  main.o(i.move_right)
    newl                                     0x00000b8d   Thumb Code    16  main.o(i.newl)
    print_board                              0x00000b9d   Thumb Code   166  main.o(i.print_board)
    shoot                                    0x00000c4d   Thumb Code    68  main.o(i.shoot)
    spawn_bullets                            0x00000c99   Thumb Code   114  main.o(i.spawn_bullets)
    spawn_enemy                              0x00000d15   Thumb Code    70  main.o(i.spawn_enemy)
    start_game                               0x00000d61   Thumb Code    74  main.o(i.start_game)
    uart_setup                               0x00000dc1   Thumb Code   196  main.o(i.uart_setup)
    update_bullets                           0x00000e99   Thumb Code   148  main.o(i.update_bullets)
    write_char                               0x00000f35   Thumb Code    26  main.o(i.write_char)
    _fp_init                                 0x00000f55   Thumb Code    10  fpinit.o(x$fpl$fpinit)
    __fplib_config_fpu_vfp                   0x00000f5d   Thumb Code     0  fpinit.o(x$fpl$fpinit)
    __fplib_config_pureend_doubles           0x00000f5d   Thumb Code     0  fpinit.o(x$fpl$fpinit)
    Region$$Table$$Base                      0x00000f60   Number         0  anon$$obj.o(Region$$Table)
    Region$$Table$$Limit                     0x00000f80   Number         0  anon$$obj.o(Region$$Table)
    score                                    0x20000000   Data           4  main.o(.data)
    lives                                    0x20000004   Data           4  main.o(.data)
    direction                                0x20000008   Data           4  main.o(.data)
    running                                  0x2000000c   Data           4  main.o(.data)
    player                                   0x20000010   Data           8  main.o(.data)
    LCDmat                                   0x20000018   Data        1056  main.o(.bss)
    display                                  0x20000438   Data        2048  main.o(.bss)
    enmlst                                   0x20000c38   Data         144  main.o(.bss)
    bltlst                                   0x20000cc8   Data         384  main.o(.bss)
    nmyblt                                   0x20000e48   Data         384  main.o(.bss)
    __libspace_start                         0x20000fc8   Data          96  libspace.o(.bss)
    __temporary_stack_top$libspace           0x20001028   Data           0  libspace.o(.bss)



==============================================================================

Memory Map of the image

  Image Entry point : 0x0000030d

  Load Region LR_1 (Base: 0x00000000, Size: 0x00000f98, Max: 0xffffffff, ABSOLUTE)

    Execution Region ER_RO (Exec base: 0x00000000, Load base: 0x00000000, Size: 0x00000f80, Max: 0xffffffff, ABSOLUTE)

    Exec Addr    Load Addr    Size         Type   Attr      Idx    E Section Name        Object

    0x00000000   0x00000000   0x0000026c   Code   RO          201    RESET               startup.o
    0x0000026c   0x0000026c   0x00000008   Code   RO          213  * !!!main             c_w.l(__main.o)
    0x00000274   0x00000274   0x00000034   Code   RO          370    !!!scatter          c_w.l(__scatter.o)
    0x000002a8   0x000002a8   0x0000001a   Code   RO          372    !!handler_copy      c_w.l(__scatter_copy.o)
    0x000002c2   0x000002c2   0x00000002   PAD
    0x000002c4   0x000002c4   0x0000001c   Code   RO          374    !!handler_zi        c_w.l(__scatter_zi.o)
    0x000002e0   0x000002e0   0x00000002   Code   RO          240    .ARM.Collect$$libinit$$00000000  c_w.l(libinit.o)
    0x000002e2   0x000002e2   0x00000004   Code   RO          246    .ARM.Collect$$libinit$$00000001  c_w.l(libinit2.o)
    0x000002e6   0x000002e6   0x00000000   Code   RO          249    .ARM.Collect$$libinit$$00000004  c_w.l(libinit2.o)
    0x000002e6   0x000002e6   0x00000000   Code   RO          252    .ARM.Collect$$libinit$$0000000A  c_w.l(libinit2.o)
    0x000002e6   0x000002e6   0x00000000   Code   RO          254    .ARM.Collect$$libinit$$0000000C  c_w.l(libinit2.o)
    0x000002e6   0x000002e6   0x00000000   Code   RO          256    .ARM.Collect$$libinit$$0000000E  c_w.l(libinit2.o)
    0x000002e6   0x000002e6   0x00000000   Code   RO          259    .ARM.Collect$$libinit$$00000011  c_w.l(libinit2.o)
    0x000002e6   0x000002e6   0x00000000   Code   RO          261    .ARM.Collect$$libinit$$00000013  c_w.l(libinit2.o)
    0x000002e6   0x000002e6   0x00000000   Code   RO          263    .ARM.Collect$$libinit$$00000015  c_w.l(libinit2.o)
    0x000002e6   0x000002e6   0x00000000   Code   RO          265    .ARM.Collect$$libinit$$00000017  c_w.l(libinit2.o)
    0x000002e6   0x000002e6   0x00000000   Code   RO          267    .ARM.Collect$$libinit$$00000019  c_w.l(libinit2.o)
    0x000002e6   0x000002e6   0x00000000   Code   RO          269    .ARM.Collect$$libinit$$0000001B  c_w.l(libinit2.o)
    0x000002e6   0x000002e6   0x00000000   Code   RO          271    .ARM.Collect$$libinit$$0000001D  c_w.l(libinit2.o)
    0x000002e6   0x000002e6   0x00000000   Code   RO          273    .ARM.Collect$$libinit$$0000001F  c_w.l(libinit2.o)
    0x000002e6   0x000002e6   0x00000000   Code   RO          275    .ARM.Collect$$libinit$$00000021  c_w.l(libinit2.o)
    0x000002e6   0x000002e6   0x00000000   Code   RO          277    .ARM.Collect$$libinit$$00000023  c_w.l(libinit2.o)
    0x000002e6   0x000002e6   0x00000000   Code   RO          279    .ARM.Collect$$libinit$$00000025  c_w.l(libinit2.o)
    0x000002e6   0x000002e6   0x00000000   Code   RO          283    .ARM.Collect$$libinit$$0000002C  c_w.l(libinit2.o)
    0x000002e6   0x000002e6   0x00000000   Code   RO          285    .ARM.Collect$$libinit$$0000002E  c_w.l(libinit2.o)
    0x000002e6   0x000002e6   0x00000000   Code   RO          287    .ARM.Collect$$libinit$$00000030  c_w.l(libinit2.o)
    0x000002e6   0x000002e6   0x00000000   Code   RO          289    .ARM.Collect$$libinit$$00000032  c_w.l(libinit2.o)
    0x000002e6   0x000002e6   0x00000002   Code   RO          290    .ARM.Collect$$libinit$$00000033  c_w.l(libinit2.o)
    0x000002e8   0x000002e8   0x00000002   Code   RO          310    .ARM.Collect$$libshutdown$$00000000  c_w.l(libshutdown.o)
    0x000002ea   0x000002ea   0x00000000   Code   RO          323    .ARM.Collect$$libshutdown$$00000002  c_w.l(libshutdown2.o)
    0x000002ea   0x000002ea   0x00000000   Code   RO          325    .ARM.Collect$$libshutdown$$00000004  c_w.l(libshutdown2.o)
    0x000002ea   0x000002ea   0x00000000   Code   RO          328    .ARM.Collect$$libshutdown$$00000007  c_w.l(libshutdown2.o)
    0x000002ea   0x000002ea   0x00000000   Code   RO          331    .ARM.Collect$$libshutdown$$0000000A  c_w.l(libshutdown2.o)
    0x000002ea   0x000002ea   0x00000000   Code   RO          333    .ARM.Collect$$libshutdown$$0000000C  c_w.l(libshutdown2.o)
    0x000002ea   0x000002ea   0x00000000   Code   RO          336    .ARM.Collect$$libshutdown$$0000000F  c_w.l(libshutdown2.o)
    0x000002ea   0x000002ea   0x00000002   Code   RO          337    .ARM.Collect$$libshutdown$$00000010  c_w.l(libshutdown2.o)
    0x000002ec   0x000002ec   0x00000000   Code   RO          215    .ARM.Collect$$rtentry$$00000000  c_w.l(__rtentry.o)
    0x000002ec   0x000002ec   0x00000000   Code   RO          217    .ARM.Collect$$rtentry$$00000002  c_w.l(__rtentry2.o)
    0x000002ec   0x000002ec   0x00000006   Code   RO          229    .ARM.Collect$$rtentry$$00000004  c_w.l(__rtentry4.o)
    0x000002f2   0x000002f2   0x00000000   Code   RO          219    .ARM.Collect$$rtentry$$00000009  c_w.l(__rtentry2.o)
    0x000002f2   0x000002f2   0x00000004   Code   RO          220    .ARM.Collect$$rtentry$$0000000A  c_w.l(__rtentry2.o)
    0x000002f6   0x000002f6   0x00000000   Code   RO          222    .ARM.Collect$$rtentry$$0000000C  c_w.l(__rtentry2.o)
    0x000002f6   0x000002f6   0x00000008   Code   RO          223    .ARM.Collect$$rtentry$$0000000D  c_w.l(__rtentry2.o)
    0x000002fe   0x000002fe   0x00000002   Code   RO          244    .ARM.Collect$$rtexit$$00000000  c_w.l(rtexit.o)
    0x00000300   0x00000300   0x00000000   Code   RO          292    .ARM.Collect$$rtexit$$00000002  c_w.l(rtexit2.o)
    0x00000300   0x00000300   0x00000004   Code   RO          293    .ARM.Collect$$rtexit$$00000003  c_w.l(rtexit2.o)
    0x00000304   0x00000304   0x00000006   Code   RO          294    .ARM.Collect$$rtexit$$00000004  c_w.l(rtexit2.o)
    0x0000030a   0x0000030a   0x00000002   PAD
    0x0000030c   0x0000030c   0x00000058   Code   RO          202  * .text               startup.o
    0x00000364   0x00000364   0x00000006   Code   RO          211    .text               c_w.l(heapauxi.o)
    0x0000036a   0x0000036a   0x0000004a   Code   RO          231    .text               c_w.l(sys_stackheap_outer.o)
    0x000003b4   0x000003b4   0x00000012   Code   RO          233    .text               c_w.l(exit.o)
    0x000003c6   0x000003c6   0x00000002   PAD
    0x000003c8   0x000003c8   0x00000008   Code   RO          241    .text               c_w.l(libspace.o)
    0x000003d0   0x000003d0   0x0000000c   Code   RO          302    .text               c_w.l(sys_exit.o)
    0x000003dc   0x000003dc   0x00000002   Code   RO          313    .text               c_w.l(use_no_semi.o)
    0x000003de   0x000003de   0x00000000   Code   RO          315    .text               c_w.l(indicate_semi.o)
    0x000003de   0x000003de   0x00000018   Code   RO            1    i.DelayMs           main.o
    0x000003f6   0x000003f6   0x00000002   PAD
    0x000003f8   0x000003f8   0x00000068   Code   RO            2    i.ISR_PORTB         main.o
    0x00000460   0x00000460   0x00000020   Code   RO            3    i.LCD_Blank         main.o
    0x00000480   0x00000480   0x0000007c   Code   RO            4    i.LCD_Char_Out      main.o
    0x000004fc   0x000004fc   0x00000024   Code   RO            5    i.LCD_Cmd_Out       main.o
    0x00000520   0x00000520   0x0000002e   Code   RO            6    i.LCD_Contrast      main.o
    0x0000054e   0x0000054e   0x00000002   PAD
    0x00000550   0x00000550   0x00000024   Code   RO            7    i.LCD_Dat_Out       main.o
    0x00000574   0x00000574   0x000000c8   Code   RO            8    i.LCD_Init          main.o
    0x0000063c   0x0000063c   0x00000044   Code   RO           10    i.LCD_Refresh       main.o
    0x00000680   0x00000680   0x000000a4   Code   RO           11    i.dpad_setup        main.o
    0x00000724   0x00000724   0x000001bc   Code   RO           12    i.game_refresh      main.o
    0x000008e0   0x000008e0   0x0000000c   Code   RO           13    i.gameover          main.o
    0x000008ec   0x000008ec   0x000000b4   Code   RO           14    i.lcd_setup         main.o
    0x000009a0   0x000009a0   0x00000168   Code   RO           15    i.main              main.o
    0x00000b08   0x00000b08   0x00000054   Code   RO           16    i.move_enemies      main.o
    0x00000b5c   0x00000b5c   0x00000018   Code   RO           17    i.move_left         main.o
    0x00000b74   0x00000b74   0x00000018   Code   RO           18    i.move_right        main.o
    0x00000b8c   0x00000b8c   0x00000010   Code   RO           19    i.newl              main.o
    0x00000b9c   0x00000b9c   0x000000b0   Code   RO           20    i.print_board       main.o
    0x00000c4c   0x00000c4c   0x0000004c   Code   RO           23    i.shoot             main.o
    0x00000c98   0x00000c98   0x0000007c   Code   RO           24    i.spawn_bullets     main.o
    0x00000d14   0x00000d14   0x0000004c   Code   RO           25    i.spawn_enemy       main.o
    0x00000d60   0x00000d60   0x00000060   Code   RO           26    i.start_game        main.o
    0x00000dc0   0x00000dc0   0x000000d8   Code   RO           27    i.uart_setup        main.o
    0x00000e98   0x00000e98   0x0000009c   Code   RO           28    i.update_bullets    main.o
    0x00000f34   0x00000f34   0x00000020   Code   RO           29    i.write_char        main.o
    0x00000f54   0x00000f54   0x0000000a   Code   RO          300    x$fpl$fpinit        fz_wm.l(fpinit.o)
    0x00000f5e   0x00000f5e   0x00000002   PAD
    0x00000f60   0x00000f60   0x00000020   Data   RO          368    Region$$Table       anon$$obj.o


    Execution Region ER_RW (Exec base: 0x20000000, Load base: 0x00000f80, Size: 0x00000018, Max: 0xffffffff, ABSOLUTE)

    Exec Addr    Load Addr    Size         Type   Attr      Idx    E Section Name        Object

    0x20000000   0x00000f80   0x00000018   Data   RW           31    .data               main.o


    Execution Region ER_ZI (Exec base: 0x20000018, Load base: 0x00000f98, Size: 0x00001410, Max: 0xffffffff, ABSOLUTE)

    Exec Addr    Load Addr    Size         Type   Attr      Idx    E Section Name        Object

    0x20000018        -       0x00000fb0   Zero   RW           30    .bss                main.o
    0x20000fc8        -       0x00000060   Zero   RW          242    .bss                c_w.l(libspace.o)
    0x20001028        -       0x00000000   Zero   RW          200    HEAP                startup.o
    0x20001028        -       0x00000400   Zero   RW          199    STACK               startup.o


==============================================================================

Image component sizes


      Code (inc. data)   RO Data    RW Data    ZI Data      Debug   Object Name

      2930        262          0         24       4016      17465   main.o
       708        632          0          0       1024       1040   startup.o

    ----------------------------------------------------------------------
      3642        894         32         24       5040      18505   Object Totals
         0          0         32          0          0          0   (incl. Generated)
         4          0          0          0          0          0   (incl. Padding)

    ----------------------------------------------------------------------

      Code (inc. data)   RO Data    RW Data    ZI Data      Debug   Library Member Name

         8          0          0          0          0         68   __main.o
         0          0          0          0          0          0   __rtentry.o
        12          0          0          0          0          0   __rtentry2.o
         6          0          0          0          0          0   __rtentry4.o
        52          8          0          0          0          0   __scatter.o
        26          0          0          0          0          0   __scatter_copy.o
        28          0          0          0          0          0   __scatter_zi.o
        18          0          0          0          0         80   exit.o
         6          0          0          0          0        152   heapauxi.o
         0          0          0          0          0          0   indicate_semi.o
         2          0          0          0          0          0   libinit.o
         6          0          0          0          0          0   libinit2.o
         2          0          0          0          0          0   libshutdown.o
         2          0          0          0          0          0   libshutdown2.o
         8          4          0          0         96         68   libspace.o
         2          0          0          0          0          0   rtexit.o
        10          0          0          0          0          0   rtexit2.o
        12          4          0          0          0         68   sys_exit.o
        74          0          0          0          0         80   sys_stackheap_outer.o
         2          0          0          0          0         68   use_no_semi.o
        10          0          0          0          0        116   fpinit.o

    ----------------------------------------------------------------------
       294         16          0          0         96        700   Library Totals
         8          0          0          0          0          0   (incl. Padding)

    ----------------------------------------------------------------------

      Code (inc. data)   RO Data    RW Data    ZI Data      Debug   Library Name

       276         16          0          0         96        584   c_w.l
        10          0          0          0          0        116   fz_wm.l

    ----------------------------------------------------------------------
       294         16          0          0         96        700   Library Totals

    ----------------------------------------------------------------------

==============================================================================


      Code (inc. data)   RO Data    RW Data    ZI Data      Debug   

      3936        910         32         24       5136      16749   Grand Totals
      3936        910         32         24       5136      16749   ELF Image Totals
      3936        910         32         24          0          0   ROM Totals

==============================================================================

    Total RO  Size (Code + RO Data)                 3968 (   3.88kB)
    Total RW  Size (RW Data + ZI Data)              5160 (   5.04kB)
    Total ROM Size (Code + RO Data + RW Data)       3992 (   3.90kB)

==============================================================================

